// Jest Snapshot v1, https://goo.gl/fbAQLP

exports[`SignInForm should render the form correctly 1`] = `
<View>
  <View>
    <Text
      style={
        [
          {
            "fontFamily": "SpaceGrotesk-Medium",
          },
          {
            "fontSize": 14,
          },
          {
            "lineHeight": 18,
          },
          {
            "marginBottom": 8,
          },
          {
            "color": "#3F434A",
          },
        ]
      }
    >
      Email
    </Text>
    <View
      style={
        [
          {
            "flexDirection": "row",
          },
          {
            "alignItems": "center",
          },
          {
            "borderBottomLeftRadius": 6,
            "borderBottomRightRadius": 6,
            "borderTopLeftRadius": 6,
            "borderTopRightRadius": 6,
          },
          {
            "paddingBottom": 12,
            "paddingTop": 12,
          },
          {
            "borderBottomWidth": 1,
            "borderLeftWidth": 1,
            "borderRightWidth": 1,
            "borderTopWidth": 1,
          },
          {
            "backgroundColor": "#FFFFFF",
          },
          {
            "overflow": "hidden",
          },
          {
            "borderBottomColor": "#3F434A",
            "borderLeftColor": "#3F434A",
            "borderRightColor": "#3F434A",
            "borderTopColor": "#3F434A",
          },
        ]
      }
    >
      <View
        style={
          [
            {
              "flexBasis": "0%",
              "flexGrow": 1,
              "flexShrink": 1,
            },
            {
              "paddingLeft": 12,
              "paddingRight": 12,
            },
          ]
        }
      >
        <TextInput
          autoCapitalize="none"
          autoComplete="email"
          className="text-[16px] leading-[20px] font-[SpaceGrotesk-Regular] text-[14px] leading-[18px]"
          cursorColor="#6C464F"
          keyboardType="email-address"
          onBlur={[Function]}
          onChangeText={[Function]}
          onFocus={[Function]}
          onSubmitEditing={[Function]}
          placeholder="Votre email"
          selectionColor="#6C464F"
          testID="input/email"
          textContentType="emailAddress"
          value=""
        />
      </View>
      <View
        accessibilityState={
          {
            "busy": undefined,
            "checked": undefined,
            "disabled": undefined,
            "expanded": undefined,
            "selected": undefined,
          }
        }
        accessibilityValue={
          {
            "max": undefined,
            "min": undefined,
            "now": undefined,
            "text": undefined,
          }
        }
        accessible={true}
        collapsable={false}
        focusable={true}
        hitSlop={5}
        onBlur={[Function]}
        onClick={[Function]}
        onFocus={[Function]}
        onResponderGrant={[Function]}
        onResponderMove={[Function]}
        onResponderRelease={[Function]}
        onResponderTerminate={[Function]}
        onResponderTerminationRequest={[Function]}
        onStartShouldSetResponder={[Function]}
        style={
          [
            [
              {
                "opacity": undefined,
              },
              undefined,
            ],
          ]
        }
        testID="input/email/RightIcon"
      >
        <Text />
      </View>
    </View>
  </View>
  <View
    style={
      [
        {
          "marginTop": 12,
        },
      ]
    }
  >
    <Text
      style={
        [
          {
            "fontFamily": "SpaceGrotesk-Medium",
          },
          {
            "fontSize": 14,
          },
          {
            "lineHeight": 18,
          },
          {
            "marginBottom": 8,
          },
          {
            "color": "#3F434A",
          },
        ]
      }
    >
      Mot de passe
    </Text>
    <View
      style={
        [
          {
            "flexDirection": "row",
          },
          {
            "alignItems": "center",
          },
          {
            "borderBottomLeftRadius": 6,
            "borderBottomRightRadius": 6,
            "borderTopLeftRadius": 6,
            "borderTopRightRadius": 6,
          },
          {
            "paddingBottom": 12,
            "paddingTop": 12,
          },
          {
            "borderBottomWidth": 1,
            "borderLeftWidth": 1,
            "borderRightWidth": 1,
            "borderTopWidth": 1,
          },
          {
            "backgroundColor": "#FFFFFF",
          },
          {
            "overflow": "hidden",
          },
          {
            "borderBottomColor": "#3F434A",
            "borderLeftColor": "#3F434A",
            "borderRightColor": "#3F434A",
            "borderTopColor": "#3F434A",
          },
        ]
      }
    >
      <View
        style={
          [
            {
              "flexBasis": "0%",
              "flexGrow": 1,
              "flexShrink": 1,
            },
            {
              "paddingLeft": 12,
              "paddingRight": 12,
            },
          ]
        }
      >
        <TextInput
          autoCapitalize="none"
          autoComplete="password"
          className="text-[16px] leading-[20px] font-[SpaceGrotesk-Regular] text-[14px] leading-[18px]"
          cursorColor="#6C464F"
          keyboardType="default"
          onBlur={[Function]}
          onChangeText={[Function]}
          onFocus={[Function]}
          placeholder="Votre mot de passe"
          secureTextEntry={true}
          selectionColor="#6C464F"
          testID="input/password"
          textContentType="password"
          value=""
        />
      </View>
      <View
        accessibilityState={
          {
            "busy": undefined,
            "checked": undefined,
            "disabled": undefined,
            "expanded": undefined,
            "selected": undefined,
          }
        }
        accessibilityValue={
          {
            "max": undefined,
            "min": undefined,
            "now": undefined,
            "text": undefined,
          }
        }
        accessible={true}
        collapsable={false}
        focusable={true}
        hitSlop={5}
        onBlur={[Function]}
        onClick={[Function]}
        onFocus={[Function]}
        onResponderGrant={[Function]}
        onResponderMove={[Function]}
        onResponderRelease={[Function]}
        onResponderTerminate={[Function]}
        onResponderTerminationRequest={[Function]}
        onStartShouldSetResponder={[Function]}
        style={
          [
            [
              {
                "opacity": undefined,
              },
              undefined,
            ],
          ]
        }
        testID="input/password/RightIcon"
      >
        <Text />
      </View>
    </View>
  </View>
  <View
    accessibilityState={
      {
        "busy": undefined,
        "checked": undefined,
        "disabled": undefined,
        "expanded": undefined,
        "selected": undefined,
      }
    }
    accessibilityValue={
      {
        "max": undefined,
        "min": undefined,
        "now": undefined,
        "text": undefined,
      }
    }
    accessible={true}
    collapsable={false}
    event="clic_forgot_password"
    focusable={true}
    hitSlop={5}
    onBlur={[Function]}
    onClick={[Function]}
    onFocus={[Function]}
    onResponderGrant={[Function]}
    onResponderMove={[Function]}
    onResponderRelease={[Function]}
    onResponderTerminate={[Function]}
    onResponderTerminationRequest={[Function]}
    onStartShouldSetResponder={[Function]}
    style={
      [
        {
          "marginTop": 12,
        },
        {
          "alignSelf": "flex-end",
        },
        [
          {
            "opacity": undefined,
          },
          undefined,
        ],
      ]
    }
    testID="forgotPassword/button"
  >
    <Text
      style={
        [
          {
            "fontFamily": "SpaceGrotesk-Medium",
          },
          {
            "fontSize": 14,
          },
          {
            "color": "#3F434A",
          },
          {
            "textDecorationLine": "underline",
          },
        ]
      }
    >
      Mot de passe oubli√© ?
    </Text>
  </View>
  <View
    accessibilityState={
      {
        "busy": undefined,
        "checked": undefined,
        "disabled": false,
        "expanded": undefined,
        "selected": undefined,
      }
    }
    accessibilityValue={
      {
        "max": undefined,
        "min": undefined,
        "now": undefined,
        "text": undefined,
      }
    }
    accessible={true}
    animation="scale"
    collapsable={false}
    event="clic_sign_in"
    focusable={true}
    onBlur={[Function]}
    onClick={[Function]}
    onFocus={[Function]}
    onResponderGrant={[Function]}
    onResponderMove={[Function]}
    onResponderRelease={[Function]}
    onResponderTerminate={[Function]}
    onResponderTerminationRequest={[Function]}
    onStartShouldSetResponder={[Function]}
    style={
      [
        {
          "flexDirection": "row",
        },
        {
          "alignItems": "center",
        },
        {
          "justifyContent": "center",
        },
        {
          "borderBottomLeftRadius": 6,
          "borderBottomRightRadius": 6,
          "borderTopLeftRadius": 6,
          "borderTopRightRadius": 6,
        },
        {
          "backgroundColor": "#6C464F",
        },
        {
          "height": 44,
        },
        {
          "marginTop": 32,
        },
        [
          {
            "transform": [
              {
                "scale": undefined,
              },
            ],
          },
          undefined,
        ],
      ]
    }
    testID="signIn/button"
  >
    <Text
      style={
        [
          {
            "fontFamily": "SpaceGrotesk-Bold",
          },
          {
            "fontSize": 16,
          },
          {
            "color": "#FFFFFF",
          },
        ]
      }
    >
      Se connecter
    </Text>
  </View>
</View>
`;

exports[`SignInForm should render the form loading 1`] = `
<View>
  <View>
    <Text
      style={
        [
          {
            "fontFamily": "SpaceGrotesk-Medium",
          },
          {
            "fontSize": 14,
          },
          {
            "lineHeight": 18,
          },
          {
            "marginBottom": 8,
          },
          {
            "color": "#3F434A",
          },
        ]
      }
    >
      Email
    </Text>
    <View
      style={
        [
          {
            "flexDirection": "row",
          },
          {
            "alignItems": "center",
          },
          {
            "borderBottomLeftRadius": 6,
            "borderBottomRightRadius": 6,
            "borderTopLeftRadius": 6,
            "borderTopRightRadius": 6,
          },
          {
            "paddingBottom": 12,
            "paddingTop": 12,
          },
          {
            "borderBottomWidth": 1,
            "borderLeftWidth": 1,
            "borderRightWidth": 1,
            "borderTopWidth": 1,
          },
          {
            "backgroundColor": "#FFFFFF",
          },
          {
            "overflow": "hidden",
          },
          {
            "borderBottomColor": "#3F434A",
            "borderLeftColor": "#3F434A",
            "borderRightColor": "#3F434A",
            "borderTopColor": "#3F434A",
          },
        ]
      }
    >
      <View
        style={
          [
            {
              "flexBasis": "0%",
              "flexGrow": 1,
              "flexShrink": 1,
            },
            {
              "paddingLeft": 12,
              "paddingRight": 12,
            },
          ]
        }
      >
        <TextInput
          autoCapitalize="none"
          autoComplete="email"
          className="text-[16px] leading-[20px] font-[SpaceGrotesk-Regular] text-[14px] leading-[18px]"
          cursorColor="#6C464F"
          keyboardType="email-address"
          onBlur={[Function]}
          onChangeText={[Function]}
          onFocus={[Function]}
          onSubmitEditing={[Function]}
          placeholder="Votre email"
          selectionColor="#6C464F"
          testID="input/email"
          textContentType="emailAddress"
          value=""
        />
      </View>
      <View
        accessibilityState={
          {
            "busy": undefined,
            "checked": undefined,
            "disabled": undefined,
            "expanded": undefined,
            "selected": undefined,
          }
        }
        accessibilityValue={
          {
            "max": undefined,
            "min": undefined,
            "now": undefined,
            "text": undefined,
          }
        }
        accessible={true}
        collapsable={false}
        focusable={true}
        hitSlop={5}
        onBlur={[Function]}
        onClick={[Function]}
        onFocus={[Function]}
        onResponderGrant={[Function]}
        onResponderMove={[Function]}
        onResponderRelease={[Function]}
        onResponderTerminate={[Function]}
        onResponderTerminationRequest={[Function]}
        onStartShouldSetResponder={[Function]}
        style={
          [
            [
              {
                "opacity": undefined,
              },
              undefined,
            ],
          ]
        }
        testID="input/email/RightIcon"
      >
        <Text
          allowFontScaling={false}
          selectable={false}
          style={
            [
              {
                "color": undefined,
                "fontSize": 24,
              },
              [
                {
                  "marginRight": 8,
                },
                {
                  "color": "#3F434A",
                },
              ],
              {
                "fontFamily": "IcoMoon",
                "fontStyle": "normal",
                "fontWeight": "normal",
              },
              {},
            ]
          }
        >
          Ó§É
        </Text>
      </View>
    </View>
  </View>
  <View
    style={
      [
        {
          "marginTop": 12,
        },
      ]
    }
  >
    <Text
      style={
        [
          {
            "fontFamily": "SpaceGrotesk-Medium",
          },
          {
            "fontSize": 14,
          },
          {
            "lineHeight": 18,
          },
          {
            "marginBottom": 8,
          },
          {
            "color": "#3F434A",
          },
        ]
      }
    >
      Mot de passe
    </Text>
    <View
      style={
        [
          {
            "flexDirection": "row",
          },
          {
            "alignItems": "center",
          },
          {
            "borderBottomLeftRadius": 6,
            "borderBottomRightRadius": 6,
            "borderTopLeftRadius": 6,
            "borderTopRightRadius": 6,
          },
          {
            "paddingBottom": 12,
            "paddingTop": 12,
          },
          {
            "borderBottomWidth": 1,
            "borderLeftWidth": 1,
            "borderRightWidth": 1,
            "borderTopWidth": 1,
          },
          {
            "backgroundColor": "#FFFFFF",
          },
          {
            "overflow": "hidden",
          },
          {
            "borderBottomColor": "#3F434A",
            "borderLeftColor": "#3F434A",
            "borderRightColor": "#3F434A",
            "borderTopColor": "#3F434A",
          },
        ]
      }
    >
      <View
        style={
          [
            {
              "flexBasis": "0%",
              "flexGrow": 1,
              "flexShrink": 1,
            },
            {
              "paddingLeft": 12,
              "paddingRight": 12,
            },
          ]
        }
      >
        <TextInput
          autoCapitalize="none"
          autoComplete="password"
          className="text-[16px] leading-[20px] font-[SpaceGrotesk-Regular] text-[14px] leading-[18px]"
          cursorColor="#6C464F"
          keyboardType="default"
          onBlur={[Function]}
          onChangeText={[Function]}
          onFocus={[Function]}
          placeholder="Votre mot de passe"
          secureTextEntry={true}
          selectionColor="#6C464F"
          testID="input/password"
          textContentType="password"
          value=""
        />
      </View>
      <View
        accessibilityState={
          {
            "busy": undefined,
            "checked": undefined,
            "disabled": undefined,
            "expanded": undefined,
            "selected": undefined,
          }
        }
        accessibilityValue={
          {
            "max": undefined,
            "min": undefined,
            "now": undefined,
            "text": undefined,
          }
        }
        accessible={true}
        collapsable={false}
        focusable={true}
        hitSlop={5}
        onBlur={[Function]}
        onClick={[Function]}
        onFocus={[Function]}
        onResponderGrant={[Function]}
        onResponderMove={[Function]}
        onResponderRelease={[Function]}
        onResponderTerminate={[Function]}
        onResponderTerminationRequest={[Function]}
        onStartShouldSetResponder={[Function]}
        style={
          [
            [
              {
                "opacity": undefined,
              },
              undefined,
            ],
          ]
        }
        testID="input/password/RightIcon"
      >
        <Text
          allowFontScaling={false}
          selectable={false}
          style={
            [
              {
                "color": undefined,
                "fontSize": 24,
              },
              [
                {
                  "marginRight": 8,
                },
                {
                  "color": "#3F434A",
                },
              ],
              {
                "fontFamily": "IcoMoon",
                "fontStyle": "normal",
                "fontWeight": "normal",
              },
              {},
            ]
          }
        >
          Ó§Å
        </Text>
      </View>
    </View>
  </View>
  <View
    accessibilityState={
      {
        "busy": undefined,
        "checked": undefined,
        "disabled": undefined,
        "expanded": undefined,
        "selected": undefined,
      }
    }
    accessibilityValue={
      {
        "max": undefined,
        "min": undefined,
        "now": undefined,
        "text": undefined,
      }
    }
    accessible={true}
    collapsable={false}
    event="clic_forgot_password"
    focusable={true}
    hitSlop={5}
    onBlur={[Function]}
    onClick={[Function]}
    onFocus={[Function]}
    onResponderGrant={[Function]}
    onResponderMove={[Function]}
    onResponderRelease={[Function]}
    onResponderTerminate={[Function]}
    onResponderTerminationRequest={[Function]}
    onStartShouldSetResponder={[Function]}
    style={
      [
        {
          "marginTop": 12,
        },
        {
          "alignSelf": "flex-end",
        },
        [
          {
            "opacity": undefined,
          },
          undefined,
        ],
      ]
    }
    testID="forgotPassword/button"
  >
    <Text
      style={
        [
          {
            "fontFamily": "SpaceGrotesk-Medium",
          },
          {
            "fontSize": 14,
          },
          {
            "color": "#3F434A",
          },
          {
            "textDecorationLine": "underline",
          },
        ]
      }
    >
      Mot de passe oubli√© ?
    </Text>
  </View>
  <View
    accessibilityState={
      {
        "busy": undefined,
        "checked": undefined,
        "disabled": true,
        "expanded": undefined,
        "selected": undefined,
      }
    }
    accessibilityValue={
      {
        "max": undefined,
        "min": undefined,
        "now": undefined,
        "text": undefined,
      }
    }
    accessible={true}
    animation="scale"
    collapsable={false}
    event="clic_sign_in"
    focusable={true}
    onBlur={[Function]}
    onClick={[Function]}
    onFocus={[Function]}
    onResponderGrant={[Function]}
    onResponderMove={[Function]}
    onResponderRelease={[Function]}
    onResponderTerminate={[Function]}
    onResponderTerminationRequest={[Function]}
    onStartShouldSetResponder={[Function]}
    style={
      [
        {
          "flexDirection": "row",
        },
        {
          "alignItems": "center",
        },
        {
          "justifyContent": "center",
        },
        {
          "borderBottomLeftRadius": 6,
          "borderBottomRightRadius": 6,
          "borderTopLeftRadius": 6,
          "borderTopRightRadius": 6,
        },
        {
          "backgroundColor": "#6C464F",
        },
        {
          "height": 44,
        },
        {
          "marginTop": 32,
        },
        [
          {
            "transform": [
              {
                "scale": undefined,
              },
            ],
          },
          undefined,
        ],
      ]
    }
    testID="signIn/button"
  >
    <ActivityIndicator
      color="white"
    />
  </View>
</View>
`;
