// Jest Snapshot v1, https://goo.gl/fbAQLP

exports[`BottomSheet renders correctly 1`] = `
<View
  onLayout={[Function]}
  style={
    [
      [
        undefined,
        undefined,
      ],
    ]
  }
>
  <View
    style={
      [
        {
          "justifyContent": "center",
        },
        {
          "alignItems": "center",
        },
        {
          "height": 40,
        },
        [
          undefined,
          undefined,
        ],
      ]
    }
  >
    <Text
      style={
        [
          {
            "fontFamily": "SpaceGrotesk-Regular",
          },
          {
            "fontSize": 16,
          },
          {
            "lineHeight": 18,
          },
        ]
      }
    >
      Content
    </Text>
  </View>
</View>
`;

exports[`BottomSheet renders with multiple snap points 1`] = `
<View
  onLayout={[Function]}
  style={
    [
      [
        undefined,
        undefined,
      ],
    ]
  }
>
  <View
    style={
      [
        {
          "justifyContent": "center",
        },
        {
          "alignItems": "center",
        },
        {
          "height": 40,
        },
        [
          undefined,
          undefined,
        ],
      ]
    }
  >
    <Text
      style={
        [
          {
            "fontFamily": "SpaceGrotesk-Regular",
          },
          {
            "fontSize": 16,
          },
          {
            "lineHeight": 18,
          },
        ]
      }
    >
      Content
    </Text>
  </View>
</View>
`;

exports[`BottomSheet renders without dynamic snap 1`] = `
<View
  onLayout={[Function]}
  style={
    [
      [
        undefined,
        undefined,
      ],
    ]
  }
>
  <View
    style={
      [
        {
          "justifyContent": "center",
        },
        {
          "alignItems": "center",
        },
        {
          "height": 40,
        },
        [
          undefined,
          undefined,
        ],
      ]
    }
  >
    <Text
      style={
        [
          {
            "fontFamily": "SpaceGrotesk-Regular",
          },
          {
            "fontSize": 16,
          },
          {
            "lineHeight": 18,
          },
        ]
      }
    >
      Content
    </Text>
  </View>
</View>
`;
